// Jest Snapshot v1, https://goo.gl/fbAQLP

exports[`It creates service hooks 1`] = `
Array [
  Array [
    "rendererService",
    Array [
      [Function],
    ],
  ],
  Array [
    "dataService",
    Array [
      [Function],
    ],
  ],
  Array [
    "editorService",
    Array [
      [Function],
    ],
  ],
]
`;
