// Jest Snapshot v1, https://goo.gl/fbAQLP

exports[`It create config hooks 1`] = `Array []`;
